// Jest Snapshot v1, https://goo.gl/fbAQLP

exports[`NavBar Renders 1`] = `
ShallowWrapper {
  "complexSelector": ComplexSelector {
    "buildPredicate": [Function],
    "childrenOfNode": [Function],
    "findWhereUnwrapped": [Function],
  },
  "length": 1,
  "node": <div
    id="navbar"
>
    <div
        className="navitem"
    >
        Sign In
    </div>
    <div
        id="navlinks"
    >
        <div
            className="navitem"
            onClick={[Function]}
        >
            Home
        </div>
        <div
            className="navitem"
            onClick={[Function]}
        >
            Projects
        </div>
        <div
            className="navitem"
            onClick={[Function]}
        >
            Blog
        </div>
    </div>
</div>,
  "nodes": Array [
    <div
      id="navbar"
>
      <div
            className="navitem"
      >
            Sign In
      </div>
      <div
            id="navlinks"
      >
            <div
                  className="navitem"
                  onClick={[Function]}
            >
                  Home
            </div>
            <div
                  className="navitem"
                  onClick={[Function]}
            >
                  Projects
            </div>
            <div
                  className="navitem"
                  onClick={[Function]}
            >
                  Blog
            </div>
      </div>
</div>,
  ],
  "options": Object {},
  "renderer": ReactShallowRenderer {
    "_instance": ShallowComponentWrapper {
      "_calledComponentWillUnmount": false,
      "_compositeType": 2,
      "_context": Object {},
      "_currentElement": <navbar />,
      "_debugID": 1,
      "_hostContainerInfo": null,
      "_hostParent": null,
      "_instance": StatelessComponent {
        "_reactInternalInstance": [Circular],
        "context": Object {},
        "props": Object {},
        "refs": Object {},
        "state": null,
        "updater": Object {
          "enqueueCallback": [Function],
          "enqueueCallbackInternal": [Function],
          "enqueueElementInternal": [Function],
          "enqueueForceUpdate": [Function],
          "enqueueReplaceState": [Function],
          "enqueueSetState": [Function],
          "isMounted": [Function],
          "validateCallback": [Function],
        },
      },
      "_mountOrder": 1,
      "_pendingCallbacks": null,
      "_pendingElement": null,
      "_pendingForceUpdate": false,
      "_pendingReplaceState": false,
      "_pendingStateQueue": null,
      "_renderedComponent": NoopInternalComponent {
        "_currentElement": <div
          id="navbar"
>
          <div
                    className="navitem"
          >
                    Sign In
          </div>
          <div
                    id="navlinks"
          >
                    <div
                              className="navitem"
                              onClick={[Function]}
                    >
                              Home
                    </div>
                    <div
                              className="navitem"
                              onClick={[Function]}
                    >
                              Projects
                    </div>
                    <div
                              className="navitem"
                              onClick={[Function]}
                    >
                              Blog
                    </div>
          </div>
</div>,
        "_debugID": 2,
        "_renderedOutput": <div
          id="navbar"
>
          <div
                    className="navitem"
          >
                    Sign In
          </div>
          <div
                    id="navlinks"
          >
                    <div
                              className="navitem"
                              onClick={[Function]}
                    >
                              Home
                    </div>
                    <div
                              className="navitem"
                              onClick={[Function]}
                    >
                              Projects
                    </div>
                    <div
                              className="navitem"
                              onClick={[Function]}
                    >
                              Blog
                    </div>
          </div>
</div>,
      },
      "_renderedNodeType": 0,
      "_rootNodeID": 0,
      "_topLevelWrapper": null,
      "_updateBatchNumber": null,
      "_warnedAboutRefsInRender": false,
    },
    "getRenderOutput": [Function],
    "render": [Function],
  },
  "root": [Circular],
  "unrendered": <navbar />,
}
`;
